// Vitest Snapshot v1, https://vitest.dev/guide/snapshot.html

exports[`SecretScanner golden corpus (task 7.2) > matches the snapshot for every positive fixture 1`] = `
[
  {
    "confidence": "high",
    "filename": "aws-access-key.txt",
    "line": 2,
    "redactedExcerpt": "[aws-access-key] AK…LE",
    "ruleId": "aws-access-key",
  },
  {
    "confidence": "low",
    "filename": "env-high-entropy.txt",
    "line": 2,
    "redactedExcerpt": "[generic-high-entropy-kv] SE…Nk",
    "ruleId": "generic-high-entropy-kv",
  },
  {
    "confidence": "low",
    "filename": "github-pat.txt",
    "line": 2,
    "redactedExcerpt": "[generic-high-entropy-kv] GI…12",
    "ruleId": "generic-high-entropy-kv",
  },
  {
    "confidence": "high",
    "filename": "github-pat.txt",
    "line": 2,
    "redactedExcerpt": "[github-pat-classic] gh…12",
    "ruleId": "github-pat-classic",
  },
  {
    "confidence": "high",
    "filename": "google-api-key.txt",
    "line": 1,
    "redactedExcerpt": "[google-api-key] AI…12",
    "ruleId": "google-api-key",
  },
  {
    "confidence": "high",
    "filename": "pem-private-key.txt",
    "line": 1,
    "redactedExcerpt": "[pem-private-key-header] --…--",
    "ruleId": "pem-private-key-header",
  },
  {
    "confidence": "high",
    "filename": "slack-token.txt",
    "line": 1,
    "redactedExcerpt": "[slack-token] xo…wx",
    "ruleId": "slack-token",
  },
  {
    "confidence": "high",
    "filename": "stripe-live-key.txt",
    "line": 1,
    "redactedExcerpt": "[stripe-live-key] sk…GH",
    "ruleId": "stripe-live-key",
  },
]
`;
